../Core/Src/main.c:101:5:main	8	static
../Core/Src/main.c:152:6:SystemClock_Config	88	static
../Core/Src/main.c:199:13:MX_USART2_UART_Init	8	static
../Core/Src/main.c:232:13:MX_GPIO_Init	48	static
../Core/Src/main.c:299:6:ReadMatrixButton1Row	16	static
../Core/Src/main.c:336:6:getNumpadInput	8	static
../Core/Src/main.c:398:6:handleStudentID	16	static
../Core/Src/main.c:416:6:clearStudentID	8	static
../Core/Src/main.c:426:6:handleBackspace	8	static
../Core/Src/main.c:448:6:Error_Handler	4	static,ignoring_inline_asm
